// Jest Snapshot v1, https://goo.gl/fbAQLP

exports[`Header component renders Header 1`] = `
<header
  className="Header"
>
  <Link
    to="/"
  >
    <h1>
      ARTIST SEARCH
    </h1>
  </Link>
</header>
`;
